src/components/dashboard/DashboardHeader.tsx(1,16): error TS6133: 'TrendingUp' is declared but its value is never read.
src/components/dashboard/RepsAtRiskTable.tsx(1,1): error TS6192: All imports in import declaration are unused.
src/components/Layout.tsx(7,13): error TS2339: Property 'logout' does not exist on type 'AuthContextType'.
src/components/layout/AppShell.tsx(1,20): error TS6133: 'useEffect' is declared but its value is never read.
src/context/AuthContext.tsx(3,10): error TS1484: 'Session' is a type and must be imported using a type-only import when 'verbatimModuleSyntax' is enabled.
